// Jest Snapshot v1, https://goo.gl/fbAQLP

exports[`Choices component matches the snapshot 1`] = `
<DocumentFragment>
  <div
    class="choices section"
  >
    <h3>
      Choose your option
    </h3>
    <div
      class="choices-buttons"
    >
      <button>
        <div>
          ROCK
        </div>
        <div>
          ‚úä
        </div>
      </button>
      <button>
        <div>
          PAPER
        </div>
        <div>
          ‚úã
        </div>
      </button>
      <button>
        <div>
          SCISSORS
        </div>
        <div>
          ‚úåÔ∏è
        </div>
      </button>
      <button>
        <div>
          RANDOM
        </div>
        <div>
          üé≤
        </div>
      </button>
    </div>
  </div>
</DocumentFragment>
`;
