// Jest Snapshot v1, https://goo.gl/fbAQLP

exports[`Result component matches the snapshot 1`] = `
<DocumentFragment>
  <div
    class="result section"
  >
    <h3>
      Round Result
    </h3>
    <div>
      <p>
        Your choice: 
        <strong>
          rock
        </strong>
         ✊
      </p>
      <p>
        Computer's choice: 
        <strong>
          paper
        </strong>
        ✋
      </p>
      <div
        class="result-details"
      >
        Result: 
        <span
          style="color: red;"
        >
          LOSE
        </span>
      </div>
    </div>
  </div>
</DocumentFragment>
`;
